[1.210s] Invoking command in '/root/deepracer_ws/color-detection-project/color_detection_ws/build/color_interfaces': /usr/bin/cmake /root/deepracer_ws/color-detection-project/color_detection_ws/src/color_interfaces -DCMAKE_INSTALL_PREFIX=/root/deepracer_ws/color-detection-project/color_detection_ws/install/color_interfaces
[1.822s] -- The C compiler identification is GNU 9.3.0
[2.500s] -- The CXX compiler identification is GNU 9.3.0
[2.648s] -- Check for working C compiler: /usr/bin/cc
[2.942s] -- Check for working C compiler: /usr/bin/cc -- works
[3.085s] -- Detecting C compiler ABI info
[3.529s] -- Detecting C compiler ABI info - done
[3.680s] -- Detecting C compile features
[3.687s] -- Detecting C compile features - done
[3.739s] -- Check for working CXX compiler: /usr/bin/c++
[4.090s] -- Check for working CXX compiler: /usr/bin/c++ -- works
[4.099s] -- Detecting CXX compiler ABI info
[4.573s] -- Detecting CXX compiler ABI info - done
[4.622s] -- Detecting CXX compile features
[4.625s] -- Detecting CXX compile features - done
[4.817s] -- Found ament_cmake: 0.9.8 (/opt/ros/foxy/share/ament_cmake/cmake)
[5.101s] -- Found PythonInterp: /usr/bin/python3 (found suitable version "3.8.5", minimum required is "3") 
[5.103s] -- Using PYTHON_EXECUTABLE: /usr/bin/python3
[6.690s] -- Found rosidl_default_generators: 1.0.0 (/opt/ros/foxy/share/rosidl_default_generators/cmake)
[6.736s] -- Using all available rosidl_typesupport_c: rosidl_typesupport_fastrtps_c;rosidl_typesupport_introspection_c
[6.783s] -- Found rosidl_adapter: 1.2.0 (/opt/ros/foxy/share/rosidl_adapter/cmake)
[7.522s] -- Found OpenSSL: /usr/lib/x86_64-linux-gnu/libcrypto.so (found version "1.1.1f")  
[7.804s] -- Found FastRTPS: /opt/ros/foxy/include  
[8.617s] -- Using all available rosidl_typesupport_cpp: rosidl_typesupport_fastrtps_cpp;rosidl_typesupport_introspection_cpp
[9.100s] -- Found PythonInterp: /usr/bin/python3 (found version "3.8.5") 
[10.241s] Error parsing '/root/deepracer_ws/color-detection-project/color_detection_ws/src/color_interfaces/package.xml':
[11.201s] Traceback (most recent call last):
[11.201s]   File "/usr/lib/python3/dist-packages/catkin_pkg/package.py", line 596, in parse_package_string
[11.202s]     root = dom.parseString(data)
[11.202s]   File "/usr/lib/python3.8/xml/dom/minidom.py", line 1969, in parseString
[11.202s]     return expatbuilder.parseString(string)
[11.202s]   File "/usr/lib/python3.8/xml/dom/expatbuilder.py", line 925, in parseString
[11.203s]     return builder.parseString(string)
[11.203s]   File "/usr/lib/python3.8/xml/dom/expatbuilder.py", line 223, in parseString
[11.203s]     parser.Parse(string, True)
[11.204s] xml.parsers.expat.ExpatError: not well-formed (invalid token): line 7, column 21
[11.204s] 
[11.204s] During handling of the above exception, another exception occurred:
[11.204s] 
[11.205s] Traceback (most recent call last):
[11.205s]   File "/opt/ros/foxy/share/ament_cmake_core/cmake/core/package_xml_2_cmake.py", line 143, in <module>
[11.205s]     main()
[11.206s]   File "/opt/ros/foxy/share/ament_cmake_core/cmake/core/package_xml_2_cmake.py", line 52, in main
[11.206s]     raise e
[11.206s]   File "/opt/ros/foxy/share/ament_cmake_core/cmake/core/package_xml_2_cmake.py", line 48, in main
[11.207s]     package = parse_package_string(
[11.215s]   File "/usr/lib/python3/dist-packages/catkin_pkg/package.py", line 598, in parse_package_string
[11.216s]     raise InvalidPackage('The manifest contains invalid XML:\n%s' % ex, filename)
[11.216s] catkin_pkg.package.InvalidPackage: Error(s) in package '/root/deepracer_ws/color-detection-project/color_detection_ws/src/color_interfaces/package.xml':
[11.217s] The manifest contains invalid XML:
[11.217s] not well-formed (invalid token): line 7, column 21
[11.304s] CMake Error at /opt/ros/foxy/share/ament_cmake_core/cmake/core/ament_package_xml.cmake:94 (message):
[11.304s]   execute_process(/usr/bin/python3
[11.305s]   /opt/ros/foxy/share/ament_cmake_core/cmake/core/package_xml_2_cmake.py
[11.305s]   /root/deepracer_ws/color-detection-project/color_detection_ws/src/color_interfaces/package.xml
[11.305s]   /root/deepracer_ws/color-detection-project/color_detection_ws/build/color_interfaces/ament_cmake_core/package.cmake)
[11.305s]   returned error code 1
[11.306s] Call Stack (most recent call first):
[11.306s]   /opt/ros/foxy/share/ament_cmake_core/cmake/core/ament_package_xml.cmake:49 (_ament_package_xml)
[11.306s]   /opt/ros/foxy/share/rosidl_cmake/cmake/rosidl_generate_interfaces.cmake:226 (ament_package_xml)
[11.307s]   CMakeLists.txt:24 (rosidl_generate_interfaces)
[11.307s] 
[11.307s] 
[11.312s] -- Configuring incomplete, errors occurred!
[11.312s] See also "/root/deepracer_ws/color-detection-project/color_detection_ws/build/color_interfaces/CMakeFiles/CMakeOutput.log".
[12.276s] Invoked command in '/root/deepracer_ws/color-detection-project/color_detection_ws/build/color_interfaces' returned '1': /usr/bin/cmake /root/deepracer_ws/color-detection-project/color_detection_ws/src/color_interfaces -DCMAKE_INSTALL_PREFIX=/root/deepracer_ws/color-detection-project/color_detection_ws/install/color_interfaces
