[0.000000] (-) TimerEvent: {}
[0.004490] (color_filter_pkg) JobQueued: {'identifier': 'color_filter_pkg', 'dependencies': OrderedDict()}
[0.004744] (color_interfaces) JobQueued: {'identifier': 'color_interfaces', 'dependencies': OrderedDict()}
[0.004835] (led_color_pkg) JobQueued: {'identifier': 'led_color_pkg', 'dependencies': OrderedDict()}
[0.004918] (navigation_pkg) JobQueued: {'identifier': 'navigation_pkg', 'dependencies': OrderedDict()}
[0.005004] (color_filter_pkg) JobStarted: {'identifier': 'color_filter_pkg'}
[0.063437] (color_interfaces) JobStarted: {'identifier': 'color_interfaces'}
[0.098423] (-) TimerEvent: {}
[0.200170] (-) TimerEvent: {}
[0.301078] (-) TimerEvent: {}
[0.401807] (-) TimerEvent: {}
[0.502498] (-) TimerEvent: {}
[0.603454] (-) TimerEvent: {}
[0.704414] (-) TimerEvent: {}
[0.805056] (-) TimerEvent: {}
[0.905963] (-) TimerEvent: {}
[1.006874] (-) TimerEvent: {}
[1.107784] (-) TimerEvent: {}
[1.208740] (-) TimerEvent: {}
[1.223152] (color_interfaces) JobProgress: {'identifier': 'color_interfaces', 'progress': 'cmake'}
[1.225735] (color_interfaces) Command: {'cmd': ['/usr/bin/cmake', '/root/deepracer_ws/color-detection-project/color_detection_ws/src/color_interfaces', '-DCMAKE_INSTALL_PREFIX=/root/deepracer_ws/color-detection-project/color_detection_ws/install/color_interfaces'], 'cwd': '/root/deepracer_ws/color-detection-project/color_detection_ws/build/color_interfaces', 'env': OrderedDict([('SUDO_GID', '1000'), ('LESSOPEN', '| /usr/bin/lesspipe %s'), ('MAIL', '/var/mail/root'), ('USER', 'root'), ('ROS_PACKAGE_PATH', '/opt/aws/deepracer/lib/async_web_server_cpp/share'), ('SHLVL', '1'), ('LD_LIBRARY_PATH', '/root/deepracer_ws/video_filtering_project/video_filtering_ws/install/vision_interfaces_pkg/lib:/opt/aws/deepracer/lib/rplidar_ros/lib:/opt/aws/deepracer/lib/deepracer_interfaces_pkg/lib:/opt/aws/deepracer/lib/async_web_server_cpp/lib:/opt/ros/foxy/opt/yaml_cpp_vendor/lib:/opt/ros/foxy/opt/rviz_ogre_vendor/lib:/opt/ros/foxy/lib/x86_64-linux-gnu:/opt/ros/foxy/lib'), ('HOME', '/root'), ('OLDPWD', '/root/deepracer_ws/color-detection-project'), ('ROS_PYTHON_VERSION', '3'), ('COLORTERM', 'truecolor'), ('COLCON_PREFIX_PATH', '/root/deepracer_ws/video_filtering_project/video_filtering_ws/install:/opt/aws/deepracer/lib'), ('SUDO_UID', '1000'), ('ROS_DISTRO', 'foxy'), ('LOGNAME', 'root'), ('_', '/usr/bin/colcon'), ('ROS_VERSION', '2'), ('PKG_CONFIG_PATH', '/opt/aws/deepracer/lib/async_web_server_cpp/lib/x86_64-linux-gnu/pkgconfig:/opt/aws/deepracer/lib/async_web_server_cpp/lib/pkgconfig'), ('TERM', 'xterm-256color'), ('ROS_LOCALHOST_ONLY', '0'), ('PATH', '/opt/ros/foxy/bin:/usr/local/sbin:/usr/local/bin:/usr/sbin:/usr/bin:/sbin:/bin:/usr/games:/usr/local/games'), ('DISPLAY', ':0'), ('LANG', 'en_US.UTF-8'), ('XAUTHORITY', '/run/user/1000/gdm/Xauthority'), ('LS_COLORS', 'rs=0:di=01;34:ln=01;36:mh=00:pi=40;33:so=01;35:do=01;35:bd=40;33;01:cd=40;33;01:or=40;31;01:mi=00:su=37;41:sg=30;43:ca=30;41:tw=30;42:ow=34;42:st=37;44:ex=01;32:*.tar=01;31:*.tgz=01;31:*.arc=01;31:*.arj=01;31:*.taz=01;31:*.lha=01;31:*.lz4=01;31:*.lzh=01;31:*.lzma=01;31:*.tlz=01;31:*.txz=01;31:*.tzo=01;31:*.t7z=01;31:*.zip=01;31:*.z=01;31:*.dz=01;31:*.gz=01;31:*.lrz=01;31:*.lz=01;31:*.lzo=01;31:*.xz=01;31:*.zst=01;31:*.tzst=01;31:*.bz2=01;31:*.bz=01;31:*.tbz=01;31:*.tbz2=01;31:*.tz=01;31:*.deb=01;31:*.rpm=01;31:*.jar=01;31:*.war=01;31:*.ear=01;31:*.sar=01;31:*.rar=01;31:*.alz=01;31:*.ace=01;31:*.zoo=01;31:*.cpio=01;31:*.7z=01;31:*.rz=01;31:*.cab=01;31:*.wim=01;31:*.swm=01;31:*.dwm=01;31:*.esd=01;31:*.jpg=01;35:*.jpeg=01;35:*.mjpg=01;35:*.mjpeg=01;35:*.gif=01;35:*.bmp=01;35:*.pbm=01;35:*.pgm=01;35:*.ppm=01;35:*.tga=01;35:*.xbm=01;35:*.xpm=01;35:*.tif=01;35:*.tiff=01;35:*.png=01;35:*.svg=01;35:*.svgz=01;35:*.mng=01;35:*.pcx=01;35:*.mov=01;35:*.mpg=01;35:*.mpeg=01;35:*.m2v=01;35:*.mkv=01;35:*.webm=01;35:*.ogm=01;35:*.mp4=01;35:*.m4v=01;35:*.mp4v=01;35:*.vob=01;35:*.qt=01;35:*.nuv=01;35:*.wmv=01;35:*.asf=01;35:*.rm=01;35:*.rmvb=01;35:*.flc=01;35:*.avi=01;35:*.fli=01;35:*.flv=01;35:*.gl=01;35:*.dl=01;35:*.xcf=01;35:*.xwd=01;35:*.yuv=01;35:*.cgm=01;35:*.emf=01;35:*.ogv=01;35:*.ogx=01;35:*.aac=00;36:*.au=00;36:*.flac=00;36:*.m4a=00;36:*.mid=00;36:*.midi=00;36:*.mka=00;36:*.mp3=00;36:*.mpc=00;36:*.ogg=00;36:*.ra=00;36:*.wav=00;36:*.oga=00;36:*.opus=00;36:*.spx=00;36:*.xspf=00;36:'), ('SUDO_COMMAND', '/usr/bin/su'), ('AMENT_PREFIX_PATH', '/root/deepracer_ws/video_filtering_project/video_filtering_ws/install/vision_interfaces_pkg:/root/deepracer_ws/video_filtering_project/video_filtering_ws/install/nav_pkg:/root/deepracer_ws/video_filtering_project/video_filtering_ws/install/leds_pkg:/root/deepracer_ws/video_filtering_project/video_filtering_ws/install/filters_pkg:/opt/aws/deepracer/lib/deepracer_launcher:/opt/aws/deepracer/lib/webserver_pkg:/opt/aws/deepracer/lib/web_video_server:/opt/aws/deepracer/lib/deepracer_systems_pkg:/opt/aws/deepracer/lib/usb_monitor_pkg:/opt/aws/deepracer/lib/status_led_pkg:/opt/aws/deepracer/lib/ctrl_pkg:/opt/aws/deepracer/lib/servo_pkg:/opt/aws/deepracer/lib/sensor_fusion_pkg:/opt/aws/deepracer/lib/rplidar_ros2:/opt/aws/deepracer/lib/rplidar_ros:/opt/aws/deepracer/lib/model_optimizer_pkg:/opt/aws/deepracer/lib/inference_pkg:/opt/aws/deepracer/lib/i2c_pkg:/opt/aws/deepracer/lib/device_info_pkg:/opt/aws/deepracer/lib/deepracer_navigation_pkg:/opt/aws/deepracer/lib/camera_pkg:/opt/aws/deepracer/lib/deepracer_interfaces_pkg:/opt/ros/foxy'), ('SHELL', '/bin/bash'), ('SUDO_USER', 'deepracer'), ('LESSCLOSE', '/usr/bin/lesspipe %s %s'), ('PWD', '/root/deepracer_ws/color-detection-project/color_detection_ws/build/color_interfaces'), ('LC_ALL', 'en_US.UTF-8'), ('PYTHONPATH', '/root/deepracer_ws/video_filtering_project/video_filtering_ws/install/vision_interfaces_pkg/lib/python3.8/site-packages:/root/deepracer_ws/video_filtering_project/video_filtering_ws/install/navigation_pkg/lib/python3.8/site-packages:/root/deepracer_ws/video_filtering_project/video_filtering_ws/install/nav_pkg/lib/python3.8/site-packages:/root/deepracer_ws/video_filtering_project/video_filtering_ws/install/leds_pkg/lib/python3.8/site-packages:/root/deepracer_ws/video_filtering_project/video_filtering_ws/install/filters_pkg/lib/python3.8/site-packages:/opt/aws/deepracer/lib/webserver_pkg/lib/python3.8/site-packages:/opt/aws/deepracer/lib/deepracer_systems_pkg/lib/python3.8/site-packages:/opt/aws/deepracer/lib/usb_monitor_pkg/lib/python3.8/site-packages:/opt/aws/deepracer/lib/status_led_pkg/lib/python3.8/site-packages:/opt/aws/deepracer/lib/model_optimizer_pkg/lib/python3.8/site-packages:/opt/aws/deepracer/lib/device_info_pkg/lib/python3.8/site-packages:/opt/aws/deepracer/lib/deepracer_navigation_pkg/lib/python3.8/site-packages:/opt/aws/deepracer/lib/deepracer_interfaces_pkg/lib/python3.8/site-packages:/opt/ros/foxy/lib/python3.8/site-packages'), ('COLCON', '1'), ('CMAKE_PREFIX_PATH', '/root/deepracer_ws/video_filtering_project/video_filtering_ws/install/vision_interfaces_pkg:/opt/aws/deepracer/lib/deepracer_launcher:/opt/aws/deepracer/lib/web_video_server:/opt/aws/deepracer/lib/ctrl_pkg:/opt/aws/deepracer/lib/servo_pkg:/opt/aws/deepracer/lib/sensor_fusion_pkg:/opt/aws/deepracer/lib/rplidar_ros2:/opt/aws/deepracer/lib/rplidar_ros:/opt/aws/deepracer/lib/inference_pkg:/opt/aws/deepracer/lib/i2c_pkg:/opt/aws/deepracer/lib/camera_pkg:/opt/aws/deepracer/lib/deepracer_interfaces_pkg:/opt/aws/deepracer/lib/async_web_server_cpp')]), 'shell': False}
[1.301308] (color_interfaces) StdoutLine: {'line': b'-- Found ament_cmake: 0.9.8 (/opt/ros/foxy/share/ament_cmake/cmake)\n'}
[1.308920] (-) TimerEvent: {}
[1.409959] (-) TimerEvent: {}
[1.418004] (color_interfaces) StdoutLine: {'line': b'-- Found PythonInterp: /usr/bin/python3 (found suitable version "3.8.5", minimum required is "3") \n'}
[1.418736] (color_interfaces) StdoutLine: {'line': b'-- Using PYTHON_EXECUTABLE: /usr/bin/python3\n'}
[1.510155] (-) TimerEvent: {}
[1.611065] (-) TimerEvent: {}
[1.711986] (-) TimerEvent: {}
[1.812872] (-) TimerEvent: {}
[1.913766] (-) TimerEvent: {}
[2.014656] (-) TimerEvent: {}
[2.115523] (-) TimerEvent: {}
[2.216445] (-) TimerEvent: {}
[2.317389] (-) TimerEvent: {}
[2.418289] (-) TimerEvent: {}
[2.456240] (color_interfaces) StdoutLine: {'line': b'-- Found rosidl_default_generators: 1.0.0 (/opt/ros/foxy/share/rosidl_default_generators/cmake)\n'}
[2.481770] (color_interfaces) StdoutLine: {'line': b'-- Using all available rosidl_typesupport_c: rosidl_typesupport_fastrtps_c;rosidl_typesupport_introspection_c\n'}
[2.495024] (color_interfaces) StdoutLine: {'line': b'-- Found rosidl_adapter: 1.2.0 (/opt/ros/foxy/share/rosidl_adapter/cmake)\n'}
[2.518500] (-) TimerEvent: {}
[2.619454] (-) TimerEvent: {}
[2.720435] (-) TimerEvent: {}
[2.821388] (-) TimerEvent: {}
[2.922339] (-) TimerEvent: {}
[2.992723] (color_interfaces) StdoutLine: {'line': b'-- Using all available rosidl_typesupport_cpp: rosidl_typesupport_fastrtps_cpp;rosidl_typesupport_introspection_cpp\n'}
[3.022526] (-) TimerEvent: {}
[3.123474] (-) TimerEvent: {}
[3.157161] (color_filter_pkg) Command: {'cmd': ['/usr/bin/python3', 'setup.py', 'egg_info', '--egg-base', '../../build/color_filter_pkg', 'build', '--build-base', '/root/deepracer_ws/color-detection-project/color_detection_ws/build/color_filter_pkg/build', 'install', '--prefix', '/root/deepracer_ws/color-detection-project/color_detection_ws/install/color_filter_pkg', '--record', '/root/deepracer_ws/color-detection-project/color_detection_ws/build/color_filter_pkg/install.log', '--single-version-externally-managed'], 'cwd': '/root/deepracer_ws/color-detection-project/color_detection_ws/src/color_filter_pkg', 'env': {'SUDO_GID': '1000', 'LESSOPEN': '| /usr/bin/lesspipe %s', 'MAIL': '/var/mail/root', 'USER': 'root', 'ROS_PACKAGE_PATH': '/opt/aws/deepracer/lib/async_web_server_cpp/share', 'SHLVL': '1', 'LD_LIBRARY_PATH': '/root/deepracer_ws/video_filtering_project/video_filtering_ws/install/vision_interfaces_pkg/lib:/opt/aws/deepracer/lib/rplidar_ros/lib:/opt/aws/deepracer/lib/deepracer_interfaces_pkg/lib:/opt/aws/deepracer/lib/async_web_server_cpp/lib:/opt/ros/foxy/opt/yaml_cpp_vendor/lib:/opt/ros/foxy/opt/rviz_ogre_vendor/lib:/opt/ros/foxy/lib/x86_64-linux-gnu:/opt/ros/foxy/lib', 'HOME': '/root', 'OLDPWD': '/root/deepracer_ws/color-detection-project', 'ROS_PYTHON_VERSION': '3', 'COLORTERM': 'truecolor', 'COLCON_PREFIX_PATH': '/root/deepracer_ws/video_filtering_project/video_filtering_ws/install:/opt/aws/deepracer/lib', 'SUDO_UID': '1000', 'ROS_DISTRO': 'foxy', 'LOGNAME': 'root', '_': '/usr/bin/colcon', 'ROS_VERSION': '2', 'PKG_CONFIG_PATH': '/opt/aws/deepracer/lib/async_web_server_cpp/lib/x86_64-linux-gnu/pkgconfig:/opt/aws/deepracer/lib/async_web_server_cpp/lib/pkgconfig', 'TERM': 'xterm-256color', 'ROS_LOCALHOST_ONLY': '0', 'PATH': '/opt/ros/foxy/bin:/usr/local/sbin:/usr/local/bin:/usr/sbin:/usr/bin:/sbin:/bin:/usr/games:/usr/local/games', 'DISPLAY': ':0', 'LANG': 'en_US.UTF-8', 'XAUTHORITY': '/run/user/1000/gdm/Xauthority', 'LS_COLORS': 'rs=0:di=01;34:ln=01;36:mh=00:pi=40;33:so=01;35:do=01;35:bd=40;33;01:cd=40;33;01:or=40;31;01:mi=00:su=37;41:sg=30;43:ca=30;41:tw=30;42:ow=34;42:st=37;44:ex=01;32:*.tar=01;31:*.tgz=01;31:*.arc=01;31:*.arj=01;31:*.taz=01;31:*.lha=01;31:*.lz4=01;31:*.lzh=01;31:*.lzma=01;31:*.tlz=01;31:*.txz=01;31:*.tzo=01;31:*.t7z=01;31:*.zip=01;31:*.z=01;31:*.dz=01;31:*.gz=01;31:*.lrz=01;31:*.lz=01;31:*.lzo=01;31:*.xz=01;31:*.zst=01;31:*.tzst=01;31:*.bz2=01;31:*.bz=01;31:*.tbz=01;31:*.tbz2=01;31:*.tz=01;31:*.deb=01;31:*.rpm=01;31:*.jar=01;31:*.war=01;31:*.ear=01;31:*.sar=01;31:*.rar=01;31:*.alz=01;31:*.ace=01;31:*.zoo=01;31:*.cpio=01;31:*.7z=01;31:*.rz=01;31:*.cab=01;31:*.wim=01;31:*.swm=01;31:*.dwm=01;31:*.esd=01;31:*.jpg=01;35:*.jpeg=01;35:*.mjpg=01;35:*.mjpeg=01;35:*.gif=01;35:*.bmp=01;35:*.pbm=01;35:*.pgm=01;35:*.ppm=01;35:*.tga=01;35:*.xbm=01;35:*.xpm=01;35:*.tif=01;35:*.tiff=01;35:*.png=01;35:*.svg=01;35:*.svgz=01;35:*.mng=01;35:*.pcx=01;35:*.mov=01;35:*.mpg=01;35:*.mpeg=01;35:*.m2v=01;35:*.mkv=01;35:*.webm=01;35:*.ogm=01;35:*.mp4=01;35:*.m4v=01;35:*.mp4v=01;35:*.vob=01;35:*.qt=01;35:*.nuv=01;35:*.wmv=01;35:*.asf=01;35:*.rm=01;35:*.rmvb=01;35:*.flc=01;35:*.avi=01;35:*.fli=01;35:*.flv=01;35:*.gl=01;35:*.dl=01;35:*.xcf=01;35:*.xwd=01;35:*.yuv=01;35:*.cgm=01;35:*.emf=01;35:*.ogv=01;35:*.ogx=01;35:*.aac=00;36:*.au=00;36:*.flac=00;36:*.m4a=00;36:*.mid=00;36:*.midi=00;36:*.mka=00;36:*.mp3=00;36:*.mpc=00;36:*.ogg=00;36:*.ra=00;36:*.wav=00;36:*.oga=00;36:*.opus=00;36:*.spx=00;36:*.xspf=00;36:', 'SUDO_COMMAND': '/usr/bin/su', 'AMENT_PREFIX_PATH': '/root/deepracer_ws/video_filtering_project/video_filtering_ws/install/vision_interfaces_pkg:/root/deepracer_ws/video_filtering_project/video_filtering_ws/install/nav_pkg:/root/deepracer_ws/video_filtering_project/video_filtering_ws/install/leds_pkg:/root/deepracer_ws/video_filtering_project/video_filtering_ws/install/filters_pkg:/opt/aws/deepracer/lib/deepracer_launcher:/opt/aws/deepracer/lib/webserver_pkg:/opt/aws/deepracer/lib/web_video_server:/opt/aws/deepracer/lib/deepracer_systems_pkg:/opt/aws/deepracer/lib/usb_monitor_pkg:/opt/aws/deepracer/lib/status_led_pkg:/opt/aws/deepracer/lib/ctrl_pkg:/opt/aws/deepracer/lib/servo_pkg:/opt/aws/deepracer/lib/sensor_fusion_pkg:/opt/aws/deepracer/lib/rplidar_ros2:/opt/aws/deepracer/lib/rplidar_ros:/opt/aws/deepracer/lib/model_optimizer_pkg:/opt/aws/deepracer/lib/inference_pkg:/opt/aws/deepracer/lib/i2c_pkg:/opt/aws/deepracer/lib/device_info_pkg:/opt/aws/deepracer/lib/deepracer_navigation_pkg:/opt/aws/deepracer/lib/camera_pkg:/opt/aws/deepracer/lib/deepracer_interfaces_pkg:/opt/ros/foxy', 'SHELL': '/bin/bash', 'SUDO_USER': 'deepracer', 'LESSCLOSE': '/usr/bin/lesspipe %s %s', 'PWD': '/root/deepracer_ws/color-detection-project/color_detection_ws/build/color_filter_pkg', 'LC_ALL': 'en_US.UTF-8', 'PYTHONPATH': '/root/deepracer_ws/color-detection-project/color_detection_ws/install/color_filter_pkg/lib/python3.8/site-packages:/root/deepracer_ws/video_filtering_project/video_filtering_ws/install/vision_interfaces_pkg/lib/python3.8/site-packages:/root/deepracer_ws/video_filtering_project/video_filtering_ws/install/navigation_pkg/lib/python3.8/site-packages:/root/deepracer_ws/video_filtering_project/video_filtering_ws/install/nav_pkg/lib/python3.8/site-packages:/root/deepracer_ws/video_filtering_project/video_filtering_ws/install/leds_pkg/lib/python3.8/site-packages:/root/deepracer_ws/video_filtering_project/video_filtering_ws/install/filters_pkg/lib/python3.8/site-packages:/opt/aws/deepracer/lib/webserver_pkg/lib/python3.8/site-packages:/opt/aws/deepracer/lib/deepracer_systems_pkg/lib/python3.8/site-packages:/opt/aws/deepracer/lib/usb_monitor_pkg/lib/python3.8/site-packages:/opt/aws/deepracer/lib/status_led_pkg/lib/python3.8/site-packages:/opt/aws/deepracer/lib/model_optimizer_pkg/lib/python3.8/site-packages:/opt/aws/deepracer/lib/device_info_pkg/lib/python3.8/site-packages:/opt/aws/deepracer/lib/deepracer_navigation_pkg/lib/python3.8/site-packages:/opt/aws/deepracer/lib/deepracer_interfaces_pkg/lib/python3.8/site-packages:/opt/ros/foxy/lib/python3.8/site-packages', 'COLCON': '1', 'CMAKE_PREFIX_PATH': '/root/deepracer_ws/video_filtering_project/video_filtering_ws/install/vision_interfaces_pkg:/opt/aws/deepracer/lib/deepracer_launcher:/opt/aws/deepracer/lib/web_video_server:/opt/aws/deepracer/lib/ctrl_pkg:/opt/aws/deepracer/lib/servo_pkg:/opt/aws/deepracer/lib/sensor_fusion_pkg:/opt/aws/deepracer/lib/rplidar_ros2:/opt/aws/deepracer/lib/rplidar_ros:/opt/aws/deepracer/lib/inference_pkg:/opt/aws/deepracer/lib/i2c_pkg:/opt/aws/deepracer/lib/camera_pkg:/opt/aws/deepracer/lib/deepracer_interfaces_pkg:/opt/aws/deepracer/lib/async_web_server_cpp'}, 'shell': False}
[3.223740] (-) TimerEvent: {}
[3.227929] (color_interfaces) StdoutLine: {'line': b'-- Found PythonInterp: /usr/bin/python3 (found version "3.8.5") \n'}
[3.323888] (-) TimerEvent: {}
[3.424840] (-) TimerEvent: {}
[3.525762] (-) TimerEvent: {}
[3.626708] (-) TimerEvent: {}
[3.727606] (-) TimerEvent: {}
[3.828547] (-) TimerEvent: {}
[3.886272] (color_interfaces) StderrLine: {'line': b"Error parsing '/root/deepracer_ws/color-detection-project/color_detection_ws/src/color_interfaces/package.xml':\n"}
[3.928705] (-) TimerEvent: {}
[4.030499] (-) TimerEvent: {}
[4.131369] (-) TimerEvent: {}
[4.232310] (-) TimerEvent: {}
[4.265991] (color_filter_pkg) StdoutLine: {'line': b'running egg_info\n'}
[4.269347] (color_filter_pkg) StdoutLine: {'line': b'writing ../../build/color_filter_pkg/color_filter_pkg.egg-info/PKG-INFO\n'}
[4.271049] (color_filter_pkg) StdoutLine: {'line': b'writing dependency_links to ../../build/color_filter_pkg/color_filter_pkg.egg-info/dependency_links.txt\n'}
[4.272598] (color_filter_pkg) StdoutLine: {'line': b'writing entry points to ../../build/color_filter_pkg/color_filter_pkg.egg-info/entry_points.txt\n'}
[4.274723] (color_filter_pkg) StdoutLine: {'line': b'writing requirements to ../../build/color_filter_pkg/color_filter_pkg.egg-info/requires.txt\n'}
[4.276163] (color_filter_pkg) StdoutLine: {'line': b'writing top-level names to ../../build/color_filter_pkg/color_filter_pkg.egg-info/top_level.txt\n'}
[4.332484] (-) TimerEvent: {}
[4.417199] (color_filter_pkg) StdoutLine: {'line': b"reading manifest file '../../build/color_filter_pkg/color_filter_pkg.egg-info/SOURCES.txt'\n"}
[4.421397] (color_filter_pkg) StdoutLine: {'line': b"writing manifest file '../../build/color_filter_pkg/color_filter_pkg.egg-info/SOURCES.txt'\n"}
[4.422542] (color_filter_pkg) StdoutLine: {'line': b'running build\n'}
[4.423093] (color_filter_pkg) StdoutLine: {'line': b'running build_py\n'}
[4.424854] (color_filter_pkg) StdoutLine: {'line': b'running install\n'}
[4.428789] (color_filter_pkg) StdoutLine: {'line': b'running install_lib\n'}
[4.432642] (-) TimerEvent: {}
[4.435855] (color_filter_pkg) StdoutLine: {'line': b'running install_data\n'}
[4.438561] (color_filter_pkg) StdoutLine: {'line': b'running install_egg_info\n'}
[4.448379] (color_filter_pkg) StdoutLine: {'line': b"removing '/root/deepracer_ws/color-detection-project/color_detection_ws/install/color_filter_pkg/lib/python3.8/site-packages/color_filter_pkg-0.0.0-py3.8.egg-info' (and everything under it)\n"}
[4.448958] (color_filter_pkg) StdoutLine: {'line': b'Copying ../../build/color_filter_pkg/color_filter_pkg.egg-info to /root/deepracer_ws/color-detection-project/color_detection_ws/install/color_filter_pkg/lib/python3.8/site-packages/color_filter_pkg-0.0.0-py3.8.egg-info\n'}
[4.453193] (color_filter_pkg) StdoutLine: {'line': b'running install_scripts\n'}
[4.466981] (color_interfaces) StderrLine: {'line': b'Traceback (most recent call last):\n'}
[4.468287] (color_interfaces) StderrLine: {'line': b'  File "/usr/lib/python3/dist-packages/catkin_pkg/package.py", line 596, in parse_package_string\n'}
[4.468722] (color_interfaces) StderrLine: {'line': b'    root = dom.parseString(data)\n'}
[4.469021] (color_interfaces) StderrLine: {'line': b'  File "/usr/lib/python3.8/xml/dom/minidom.py", line 1969, in parseString\n'}
[4.469313] (color_interfaces) StderrLine: {'line': b'    return expatbuilder.parseString(string)\n'}
[4.469601] (color_interfaces) StderrLine: {'line': b'  File "/usr/lib/python3.8/xml/dom/expatbuilder.py", line 925, in parseString\n'}
[4.469890] (color_interfaces) StderrLine: {'line': b'    return builder.parseString(string)\n'}
[4.470179] (color_interfaces) StderrLine: {'line': b'  File "/usr/lib/python3.8/xml/dom/expatbuilder.py", line 223, in parseString\n'}
[4.470469] (color_interfaces) StderrLine: {'line': b'    parser.Parse(string, True)\n'}
[4.470758] (color_interfaces) StderrLine: {'line': b'xml.parsers.expat.ExpatError: not well-formed (invalid token): line 7, column 21\n'}
[4.471048] (color_interfaces) StderrLine: {'line': b'\n'}
[4.471334] (color_interfaces) StderrLine: {'line': b'During handling of the above exception, another exception occurred:\n'}
[4.471622] (color_interfaces) StderrLine: {'line': b'\n'}
[4.471909] (color_interfaces) StderrLine: {'line': b'Traceback (most recent call last):\n'}
[4.472247] (color_interfaces) StderrLine: {'line': b'  File "/opt/ros/foxy/share/ament_cmake_core/cmake/core/package_xml_2_cmake.py", line 143, in <module>\n'}
[4.472546] (color_interfaces) StderrLine: {'line': b'    main()\n'}
[4.472834] (color_interfaces) StderrLine: {'line': b'  File "/opt/ros/foxy/share/ament_cmake_core/cmake/core/package_xml_2_cmake.py", line 52, in main\n'}
[4.473122] (color_interfaces) StderrLine: {'line': b'    raise e\n'}
[4.473467] (color_interfaces) StderrLine: {'line': b'  File "/opt/ros/foxy/share/ament_cmake_core/cmake/core/package_xml_2_cmake.py", line 48, in main\n'}
[4.473758] (color_interfaces) StderrLine: {'line': b'    package = parse_package_string(\n'}
[4.478406] (color_interfaces) StderrLine: {'line': b'  File "/usr/lib/python3/dist-packages/catkin_pkg/package.py", line 598, in parse_package_string\n'}
[4.478844] (color_interfaces) StderrLine: {'line': b"    raise InvalidPackage('The manifest contains invalid XML:\\n%s' % ex, filename)\n"}
[4.479141] (color_interfaces) StderrLine: {'line': b"catkin_pkg.package.InvalidPackage: Error(s) in package '/root/deepracer_ws/color-detection-project/color_detection_ws/src/color_interfaces/package.xml':\n"}
[4.479432] (color_interfaces) StderrLine: {'line': b'The manifest contains invalid XML:\n'}
[4.479718] (color_interfaces) StderrLine: {'line': b'not well-formed (invalid token): line 7, column 21\n'}
[4.532806] (-) TimerEvent: {}
[4.534369] (color_filter_pkg) StdoutLine: {'line': b'Installing color_filter_node script to /root/deepracer_ws/color-detection-project/color_detection_ws/install/color_filter_pkg/lib/color_filter_pkg\n'}
[4.536461] (color_filter_pkg) StdoutLine: {'line': b"writing list of installed files to '/root/deepracer_ws/color-detection-project/color_detection_ws/build/color_filter_pkg/install.log'\n"}
[4.565850] (color_interfaces) StderrLine: {'line': b'CMake Error at /opt/ros/foxy/share/ament_cmake_core/cmake/core/ament_package_xml.cmake:94 (message):\n'}
[4.567095] (color_interfaces) StderrLine: {'line': b'  execute_process(/usr/bin/python3\n'}
[4.567473] (color_interfaces) StderrLine: {'line': b'  /opt/ros/foxy/share/ament_cmake_core/cmake/core/package_xml_2_cmake.py\n'}
[4.567772] (color_interfaces) StderrLine: {'line': b'  /root/deepracer_ws/color-detection-project/color_detection_ws/src/color_interfaces/package.xml\n'}
[4.571347] (color_interfaces) StderrLine: {'line': b'  /root/deepracer_ws/color-detection-project/color_detection_ws/build/color_interfaces/ament_cmake_core/package.cmake)\n'}
[4.571990] (color_interfaces) StderrLine: {'line': b'  returned error code 1\n'}
[4.572315] (color_interfaces) StderrLine: {'line': b'Call Stack (most recent call first):\n'}
[4.572607] (color_interfaces) StderrLine: {'line': b'  /opt/ros/foxy/share/ament_cmake_core/cmake/core/ament_package_xml.cmake:49 (_ament_package_xml)\n'}
[4.572897] (color_interfaces) StderrLine: {'line': b'  /opt/ros/foxy/share/rosidl_cmake/cmake/rosidl_generate_interfaces.cmake:226 (ament_package_xml)\n'}
[4.573186] (color_interfaces) StderrLine: {'line': b'  CMakeLists.txt:24 (rosidl_generate_interfaces)\n'}
[4.573474] (color_interfaces) StderrLine: {'line': b'\n'}
[4.573760] (color_interfaces) StderrLine: {'line': b'\n'}
[4.578328] (color_interfaces) StdoutLine: {'line': b'-- Configuring incomplete, errors occurred!\n'}
[4.578769] (color_interfaces) StdoutLine: {'line': b'See also "/root/deepracer_ws/color-detection-project/color_detection_ws/build/color_interfaces/CMakeFiles/CMakeOutput.log".\n'}
[4.593398] (color_interfaces) CommandEnded: {'returncode': 1}
[4.596578] (color_interfaces) JobEnded: {'identifier': 'color_interfaces', 'rc': 1}
[4.633053] (-) TimerEvent: {}
[4.640510] (color_filter_pkg) JobEnded: {'identifier': 'color_filter_pkg', 'rc': 'SIGINT'}
[4.652676] (led_color_pkg) JobSkipped: {'identifier': 'led_color_pkg'}
[4.654533] (navigation_pkg) JobSkipped: {'identifier': 'navigation_pkg'}
[4.654813] (-) EventReactorShutdown: {}
